// Jest Snapshot v1, https://goo.gl/fbAQLP

exports[`Home page matches snapshot 1`] = `
<DocumentFragment>
  <h1
    class="flex items-center justify-between mb-4 text-6xl font-bold"
  >
    Hello World!!!
  </h1>
  <button
    class="flex items-center justify-center font-bold py-2 px-6 text-sm rounded-lg border-2 text-primary border-primary hover:border-primary-offset disabled:border-disabled disabled:text-dark-offset"
  >
    Click Me
  </button>
  <p
    class="p-2"
  >
    Lorem ipsum dolor sit amet consectetur adipisicing elit. Accusamus blanditiis delectus quisquam, quaerat at, reprehenderit ullam ipsum aliquid quibusdam consectetur officia esse! Numquam repellat cupiditate ut corporis nemo debitis soluta!
  </p>
</DocumentFragment>
`;
